// Jest Snapshot v1, https://goo.gl/fbAQLP

exports[`renders correctly without label 1`] = `
.c0 {
  display: -webkit-box;
  display: -webkit-flex;
  display: -ms-flexbox;
  display: flex;
  position: relative;
  -webkit-flex-direction: column;
  -ms-flex-direction: column;
  flex-direction: column;
  height: 100%;
  background: #FFE400;
}

.c1 {
  padding: 1rem;
  display: -webkit-box;
  display: -webkit-flex;
  display: -ms-flexbox;
  display: flex;
  -webkit-flex-direction: column;
  -ms-flex-direction: column;
  flex-direction: column;
}

<div
  className="c0"
>
  <div
    className="c1"
  >
    <h2>
      Title
    </h2>
    <p>
      Description
    </p>
  </div>
</div>
`;
