// Jest Snapshot v1, https://goo.gl/fbAQLP

exports[`renders AmbientVideo when video props are provided correctly 1`] = `
.c0 {
  width: 100%;
  height: 100%;
  position: relative;
}

.c2 {
  width: 100%;
  height: 100%;
  display: block;
  object-fit: cover;
}

.c3 {
  width: 100%;
  height: 100%;
  display: block;
  object-fit: cover;
}

.c4 {
  display: none;
  width: 100%;
  height: 100%;
  object-fit: cover;
}

.c8 {
  width: 24px;
  height: 24px;
  background-image: url(mock.asset);
  background-size: contain;
  background-position: center;
  background-repeat: no-repeat;
  display: block;
}

.c6 {
  position: absolute;
  bottom: 15px;
  left: 15px;
  width: 35px;
  height: 35px;
  border-radius: 50%;
  border: none;
  background: #FFFFFF;
  color: #222222;
  cursor: pointer;
  display: -webkit-box;
  display: -webkit-flex;
  display: -ms-flexbox;
  display: flex;
  -webkit-align-items: center;
  -webkit-box-align: center;
  -ms-flex-align: center;
  align-items: center;
  -webkit-box-pack: center;
  -webkit-justify-content: center;
  -ms-flex-pack: center;
  justify-content: center;
  opacity: 0;
  -webkit-transition: opacity 0.2s ease 1s;
  transition: opacity 0.2s ease 1s;
}

.c6[data-play-pause='play'] .c7 {
  -webkit-transform: translateX(2px);
  -ms-transform: translateX(2px);
  transform: translateX(2px);
}

.c1:hover .c5,
.c1:focus-within .c5 {
  opacity: 0.8;
  -webkit-transition-delay: 0s;
  transition-delay: 0s;
}

@media (prefers-reduced-motion:reduce) {
  .c2 {
    display: none;
  }
}

@media (prefers-reduced-motion:reduce) {
  .c4 {
    display: block;
  }
}

@media (prefers-reduced-motion:reduce) {
  .c6 {
    display: none;
  }
}

<div
  className="c0 c1"
>
  <video
    autoPlay={true}
    className="c2"
    controls={false}
    loop={true}
    muted={true}
    onEnded={[Function]}
    onPause={[Function]}
    onPlay={[Function]}
    playsInline={true}
    poster="//images.ctfassets.net/zsfivwzfgl3t/Yq59XdwwQgjNOxky93K1Q/17c2d80dce99067b0b3508f33075cbe3/funding_4-3_2x.jpg?w=200&h=150&q=50 200w,//images.ctfassets.net/zsfivwzfgl3t/Yq59XdwwQgjNOxky93K1Q/17c2d80dce99067b0b3508f33075cbe3/funding_4-3_2x.jpg?w=400&h=300&q=50 400w,//images.ctfassets.net/zsfivwzfgl3t/Yq59XdwwQgjNOxky93K1Q/17c2d80dce99067b0b3508f33075cbe3/funding_4-3_2x.jpg?w=800&h=600&q=50 800w,//images.ctfassets.net/zsfivwzfgl3t/Yq59XdwwQgjNOxky93K1Q/17c2d80dce99067b0b3508f33075cbe3/funding_4-3_2x.jpg?w=1200&h=900&q=50 1200w,//images.ctfassets.net/zsfivwzfgl3t/Yq59XdwwQgjNOxky93K1Q/17c2d80dce99067b0b3508f33075cbe3/funding_4-3_2x.jpg?w=1440&h=1080&q=50 1440w"
    src="https://example.com/video-desktop.mp4"
  >
    <img
      alt="Video playback not supported"
      className="c3"
      src="//images.ctfassets.net/zsfivwzfgl3t/Yq59XdwwQgjNOxky93K1Q/17c2d80dce99067b0b3508f33075cbe3/funding_4-3_2x.jpg?w=200&h=150&q=50 200w,//images.ctfassets.net/zsfivwzfgl3t/Yq59XdwwQgjNOxky93K1Q/17c2d80dce99067b0b3508f33075cbe3/funding_4-3_2x.jpg?w=400&h=300&q=50 400w,//images.ctfassets.net/zsfivwzfgl3t/Yq59XdwwQgjNOxky93K1Q/17c2d80dce99067b0b3508f33075cbe3/funding_4-3_2x.jpg?w=800&h=600&q=50 800w,//images.ctfassets.net/zsfivwzfgl3t/Yq59XdwwQgjNOxky93K1Q/17c2d80dce99067b0b3508f33075cbe3/funding_4-3_2x.jpg?w=1200&h=900&q=50 1200w,//images.ctfassets.net/zsfivwzfgl3t/Yq59XdwwQgjNOxky93K1Q/17c2d80dce99067b0b3508f33075cbe3/funding_4-3_2x.jpg?w=1440&h=1080&q=50 1440w"
    />
  </video>
  <img
    alt=""
    className="c4"
    src="//images.ctfassets.net/zsfivwzfgl3t/Yq59XdwwQgjNOxky93K1Q/17c2d80dce99067b0b3508f33075cbe3/funding_4-3_2x.jpg?w=200&h=150&q=50 200w,//images.ctfassets.net/zsfivwzfgl3t/Yq59XdwwQgjNOxky93K1Q/17c2d80dce99067b0b3508f33075cbe3/funding_4-3_2x.jpg?w=400&h=300&q=50 400w,//images.ctfassets.net/zsfivwzfgl3t/Yq59XdwwQgjNOxky93K1Q/17c2d80dce99067b0b3508f33075cbe3/funding_4-3_2x.jpg?w=800&h=600&q=50 800w,//images.ctfassets.net/zsfivwzfgl3t/Yq59XdwwQgjNOxky93K1Q/17c2d80dce99067b0b3508f33075cbe3/funding_4-3_2x.jpg?w=1200&h=900&q=50 1200w,//images.ctfassets.net/zsfivwzfgl3t/Yq59XdwwQgjNOxky93K1Q/17c2d80dce99067b0b3508f33075cbe3/funding_4-3_2x.jpg?w=1440&h=1080&q=50 1440w"
  />
  <button
    aria-label="Pause"
    className="c5 c6"
    data-play-pause="pause"
    onClick={[Function]}
    type="button"
  >
    <span
      aria-hidden={true}
      className="c7 c8"
    />
  </button>
</div>
`;

exports[`renders Picture with flat props correctly 1`] = `
.c0 {
  display: block;
  width: 100%;
  height: 100%;
  position: relative;
}

.c1 {
  width: 100%;
  height: 100%;
  display: block;
  object-fit: cover;
}

<div
  className="c0 lazyload"
  height="100%"
  width="100%"
>
  <img
    alt="Image alt text"
    className="c1 lazyload"
    data-lowsrc="http://images.ctfassets.net/zsfivwzfgl3t/Yq59XdwwQgjNOxky93K1Q/17c2d80dce99067b0b3508f33075cbe3/funding_4-3_2x.jpg?w=100&h=50&q=100"
    data-sizes="auto"
    data-src="http://images.ctfassets.net/zsfivwzfgl3t/Yq59XdwwQgjNOxky93K1Q/17c2d80dce99067b0b3508f33075cbe3/funding_4-3_2x.jpg"
    data-srcset="//images.ctfassets.net/zsfivwzfgl3t/Yq59XdwwQgjNOxky93K1Q/17c2d80dce99067b0b3508f33075cbe3/funding_4-3_2x.jpg?w=200&h=150&q=50 200w,//images.ctfassets.net/zsfivwzfgl3t/Yq59XdwwQgjNOxky93K1Q/17c2d80dce99067b0b3508f33075cbe3/funding_4-3_2x.jpg?w=400&h=300&q=50 400w,//images.ctfassets.net/zsfivwzfgl3t/Yq59XdwwQgjNOxky93K1Q/17c2d80dce99067b0b3508f33075cbe3/funding_4-3_2x.jpg?w=800&h=600&q=50 800w,//images.ctfassets.net/zsfivwzfgl3t/Yq59XdwwQgjNOxky93K1Q/17c2d80dce99067b0b3508f33075cbe3/funding_4-3_2x.jpg?w=1200&h=900&q=50 1200w,//images.ctfassets.net/zsfivwzfgl3t/Yq59XdwwQgjNOxky93K1Q/17c2d80dce99067b0b3508f33075cbe3/funding_4-3_2x.jpg?w=1440&h=1080&q=50 1440w"
    height="100%"
    src="http://images.ctfassets.net/zsfivwzfgl3t/Yq59XdwwQgjNOxky93K1Q/17c2d80dce99067b0b3508f33075cbe3/funding_4-3_2x.jpg"
    srcSet="data:image/gif;base64,R0lGODlhAQABAIAAAAAAAP///yH5BAEAAAAALAAAAAABAAEAAAIBRAA7"
    width="100%"
  />
</div>
`;

exports[`renders Picture with image object correctly 1`] = `
.c0 {
  display: block;
  width: 100%;
  height: 100%;
  position: relative;
}

.c1 {
  width: 100%;
  height: 100%;
  display: block;
  object-fit: cover;
}

<div
  className="c0 lazyload"
  height="100%"
  width="100%"
>
  <img
    alt="Background image"
    className="c1 lazyload"
    data-lowsrc="http://images.ctfassets.net/zsfivwzfgl3t/Yq59XdwwQgjNOxky93K1Q/17c2d80dce99067b0b3508f33075cbe3/funding_4-3_2x.jpg?w=100&h=50&q=100"
    data-sizes="auto"
    data-src="http://images.ctfassets.net/zsfivwzfgl3t/Yq59XdwwQgjNOxky93K1Q/17c2d80dce99067b0b3508f33075cbe3/funding_4-3_2x.jpg"
    data-srcset="//images.ctfassets.net/zsfivwzfgl3t/Yq59XdwwQgjNOxky93K1Q/17c2d80dce99067b0b3508f33075cbe3/funding_4-3_2x.jpg?w=200&h=150&q=50 200w,//images.ctfassets.net/zsfivwzfgl3t/Yq59XdwwQgjNOxky93K1Q/17c2d80dce99067b0b3508f33075cbe3/funding_4-3_2x.jpg?w=400&h=300&q=50 400w,//images.ctfassets.net/zsfivwzfgl3t/Yq59XdwwQgjNOxky93K1Q/17c2d80dce99067b0b3508f33075cbe3/funding_4-3_2x.jpg?w=800&h=600&q=50 800w,//images.ctfassets.net/zsfivwzfgl3t/Yq59XdwwQgjNOxky93K1Q/17c2d80dce99067b0b3508f33075cbe3/funding_4-3_2x.jpg?w=1200&h=900&q=50 1200w,//images.ctfassets.net/zsfivwzfgl3t/Yq59XdwwQgjNOxky93K1Q/17c2d80dce99067b0b3508f33075cbe3/funding_4-3_2x.jpg?w=1440&h=1080&q=50 1440w"
    height="100%"
    src="http://images.ctfassets.net/zsfivwzfgl3t/Yq59XdwwQgjNOxky93K1Q/17c2d80dce99067b0b3508f33075cbe3/funding_4-3_2x.jpg"
    srcSet="data:image/gif;base64,R0lGODlhAQABAIAAAAAAAP///yH5BAEAAAAALAAAAAABAAEAAAIBRAA7"
    width="100%"
  />
</div>
`;

exports[`renders with asBackground correctly 1`] = `
.c1 {
  display: block;
  width: 100%;
  height: 100%;
  position: relative;
}

.c2 {
  width: 100%;
  height: 100%;
  display: block;
  object-fit: cover;
}

.c0 {
  display: block;
  position: absolute;
  bottom: 0;
  left: 0;
  right: 0;
  height: 100%;
}

<div
  className="c0"
>
  <div
    className="c1 lazyload"
    height="100%"
    width="100%"
  >
    <img
      alt="Background image"
      className="c2 lazyload"
      data-lowsrc="http://images.ctfassets.net/zsfivwzfgl3t/Yq59XdwwQgjNOxky93K1Q/17c2d80dce99067b0b3508f33075cbe3/funding_4-3_2x.jpg?w=100&h=50&q=100"
      data-sizes="auto"
      data-src="http://images.ctfassets.net/zsfivwzfgl3t/Yq59XdwwQgjNOxky93K1Q/17c2d80dce99067b0b3508f33075cbe3/funding_4-3_2x.jpg"
      data-srcset="//images.ctfassets.net/zsfivwzfgl3t/Yq59XdwwQgjNOxky93K1Q/17c2d80dce99067b0b3508f33075cbe3/funding_4-3_2x.jpg?w=200&h=150&q=50 200w,//images.ctfassets.net/zsfivwzfgl3t/Yq59XdwwQgjNOxky93K1Q/17c2d80dce99067b0b3508f33075cbe3/funding_4-3_2x.jpg?w=400&h=300&q=50 400w,//images.ctfassets.net/zsfivwzfgl3t/Yq59XdwwQgjNOxky93K1Q/17c2d80dce99067b0b3508f33075cbe3/funding_4-3_2x.jpg?w=800&h=600&q=50 800w,//images.ctfassets.net/zsfivwzfgl3t/Yq59XdwwQgjNOxky93K1Q/17c2d80dce99067b0b3508f33075cbe3/funding_4-3_2x.jpg?w=1200&h=900&q=50 1200w,//images.ctfassets.net/zsfivwzfgl3t/Yq59XdwwQgjNOxky93K1Q/17c2d80dce99067b0b3508f33075cbe3/funding_4-3_2x.jpg?w=1440&h=1080&q=50 1440w"
      height="100%"
      src="http://images.ctfassets.net/zsfivwzfgl3t/Yq59XdwwQgjNOxky93K1Q/17c2d80dce99067b0b3508f33075cbe3/funding_4-3_2x.jpg"
      srcSet="data:image/gif;base64,R0lGODlhAQABAIAAAAAAAP///yH5BAEAAAAALAAAAAABAAEAAAIBRAA7"
      width="100%"
    />
  </div>
</div>
`;
