// Jest Snapshot v1, https://goo.gl/fbAQLP

exports[`renders correctly 1`] = `
.c2 {
  font-size: 1rem;
  line-height: 1rem;
  text-transform: inherit;
  font-weight: bold;
  line-height: normal;
  font-family: 'Montserrat',Helvetica,Arial,sans-serif;
}

.c1 {
  display: -webkit-box;
  display: -webkit-flex;
  display: -ms-flexbox;
  display: flex;
  -webkit-flex-direction: column;
  -ms-flex-direction: column;
  flex-direction: column;
  color: #5C5C5E;
}

.c3 {
  margin-top: 0.5rem;
  position: relative;
  font-size: 1.25rem;
}

.c0 {
  position: relative;
}

<div
  className="c0 TextInputWithDropdown"
  onKeyDown={[Function]}
>
  <label
    className="c1 TextInputWithDropdown__input"
    htmlFor="typeahead-test"
  >
    <span
      className="c2 Input__LabelText-bcqy1o-2"
      color="inherit"
      dangerouslySetInnerHTML={
        Object {
          "__html": "Typeahead test",
        }
      }
      size="s"
    />
    <div
      className="c3"
    >
      
      <input
        aria-describedby="typeahead-test"
        autoComplete="off"
        className=""
        id="typeahead-test"
        name="q"
        onChange={[Function]}
        placeholder="Type to start searching..."
        type="text"
        value=""
      />
    </div>
    
  </label>
</div>
`;
