// Jest Snapshot v1, https://goo.gl/fbAQLP

exports[`renders correctly 1`] = `
.c6 {
  font-size: 1rem;
  line-height: 1rem;
  text-transform: inherit;
  font-family: 'Montserrat',Helvetica,Arial,sans-serif;
}

.c12 {
  font-size: 1rem;
  line-height: 1rem;
  text-transform: inherit;
  line-height: normal;
  font-family: 'Montserrat',Helvetica,Arial,sans-serif;
}

.c4 {
  object-fit: cover;
  width: 100%;
  display: block;
  height: auto;
  margin-right: 1rem;
}

.c3 {
  display: inline-block;
  z-index: 3;
  width: 50px;
  -webkit-transform: rotate(-14deg);
  -ms-transform: rotate(-14deg);
  transform: rotate(-14deg);
}

.c9 {
  position: relative;
  -webkit-text-decoration: none;
  text-decoration: none;
  display: inline;
  line-height: 1.5rem;
  color: #000000;
  border-bottom: 2px solid #000000;
  font-weight: normal;
}

.c9:hover {
  color: #000000;
  border-bottom: 2px solid #000000;
}

.c18 {
  position: relative;
  -webkit-text-decoration: none;
  text-decoration: none;
  display: inline;
  line-height: 1.5rem;
  color: #000000;
  font-weight: normal;
}

.c18:hover {
  color: #000000;
}

.c24 {
  display: -webkit-inline-box;
  display: -webkit-inline-flex;
  display: -ms-inline-flexbox;
  display: inline-flex;
  position: relative;
  padding: 0.5rem 1.25rem;
  -webkit-text-decoration: none;
  text-decoration: none;
  font-weight: 700;
  font-size: 1rem;
  border-radius: 2rem;
  -webkit-transition: all 0.3s;
  transition: all 0.3s;
  height: 3.125rem;
  width: 100%;
  -webkit-box-pack: center;
  -webkit-justify-content: center;
  -ms-flex-pack: center;
  justify-content: center;
  -webkit-align-items: center;
  -webkit-box-align: center;
  -ms-flex-align: center;
  align-items: center;
  cursor: pointer;
  background-color: #49D267;
  color: #000000;
}

.c24:hover {
  background-color: #F4F2F4;
  color: #000000;
}

.c20 {
  border: 0;
  -webkit-clip: rect(0 0 0 0);
  clip: rect(0 0 0 0);
  -webkit-clip-path: inset(50%);
  clip-path: inset(50%);
  height: 1px;
  margin: -1px;
  overflow: hidden;
  padding: 0;
  position: absolute;
  white-space: nowrap;
  width: 1px;
}

.c22 {
  background-color: #2C0230;
  margin: 0 auto;
}

.c19 {
  z-index: 2;
  -webkit-order: 50;
  -ms-flex-order: 50;
  order: 50;
  display: -webkit-box;
  display: -webkit-flex;
  display: -ms-flexbox;
  display: flex;
  -webkit-align-items: center;
  -webkit-box-align: center;
  -ms-flex-align: center;
  align-items: center;
  position: relative;
  text-indent: -9999px;
  background-color: transparent;
  height: 100%;
  width: 45px;
  left: 5px;
  cursor: pointer;
  -webkit-transition: all 0.2s;
  transition: all 0.2s;
}

.c19:hover {
  border: none;
  font-weight: inherit;
}

.c19 .c21 {
  position: relative;
}

.c19 .c21,
.c19 .c21::before,
.c19 .c21::after {
  width: 25px;
  height: 3px;
  display: inline-block;
}

.c19 .c21::before,
.c19 .c21::after {
  content: '';
  position: absolute;
  left: 0;
  background-color: currentColor;
  -webkit-transition: all 0.2s;
  transition: all 0.2s;
}

.c19 .c21::before {
  top: -0.5rem;
}

.c19 .c21::after {
  top: 0.5rem;
}

.c19:hover .c21,
.c19:hover .c21::before,
.c19:hover .c21::after {
  background-color: #969598;
}

.c19:hover .c21::before {
  top: -0.6rem;
}

.c19:hover .c21::after {
  top: 0.6rem;
}

.c5 {
  display: none;
  width: 100%;
  position: absolute;
  top: 75px;
  left: 0;
  z-index: 4;
}

.c5 > h2 {
  border: 0;
  -webkit-clip: rect(0 0 0 0);
  clip: rect(0 0 0 0);
  -webkit-clip-path: inset(50%);
  clip-path: inset(50%);
  height: 1px;
  margin: -1px;
  overflow: hidden;
  padding: 0;
  position: absolute;
  white-space: nowrap;
  width: 1px;
}

.c14 {
  display: none;
  padding: 0;
  position: relative;
  list-style: none outside;
  left: 0;
  top: 0;
  -webkit-flex-direction: column;
  -ms-flex-direction: column;
  flex-direction: column;
  -webkit-box-pack: center;
  -webkit-justify-content: center;
  -ms-flex-pack: center;
  justify-content: center;
  -webkit-align-items: center;
  -webkit-box-align: center;
  -ms-flex-align: center;
  align-items: center;
  max-height: 400px;
  background-color: #2C0230;
}

.c15 {
  padding: 0;
  height: 100%;
  width: 100%;
}

.c15:hover {
  background-color: #3e1c43;
}

.c15:hover span {
  border-bottom: 0;
  padding-bottom: 2px;
  color: #FFFFFF;
}

.c17 {
  display: inline-block;
  border: 0;
  padding: 17px 20px;
  line-height: 1.3rem;
  height: 46px;
  font-weight: 700;
  width: 100%;
  color: #2C0230;
  padding: 14px 14px 7px 21px;
  color: #FFFFFF;
  height: auto;
  position: relative;
}

.c17:hover {
  border: 0;
  color: #2C0230;
  font-weight: inherit;
}

.c16 {
  display: inline-block;
  border: 0;
  padding: 17px 20px;
  line-height: 1.3rem;
  height: 46px;
  font-weight: 700;
  width: 100%;
  color: #2C0230;
  padding: 14px 14px 7px 21px;
  color: #FFFFFF;
  height: auto;
  position: relative;
  padding: 26px 21px;
}

.c16:hover {
  border: 0;
  color: #2C0230;
  font-weight: inherit;
}

.c16::after {
  content: '';
  position: absolute;
  width: 14px;
  border-bottom: 2px solid #FFFFFF;
  left: 12px;
  top: auto;
  bottom: 10px;
  margin: 0 10px;
}

.c7 {
  background-color: #f0f0f0;
  list-style: none outside;
  padding: 0;
  margin: 0;
}

.c11 {
  display: inline-block;
  border: 0;
  padding: 17px 20px;
  line-height: 1.3rem;
  height: 46px;
  font-weight: 700;
  width: 100%;
  color: #2C0230;
}

.c11:hover {
  border: 0;
  color: #2C0230;
  font-weight: inherit;
}

.c8 {
  z-index: 2;
  position: relative;
  font-weight: 700;
}

.c8:hover {
  background-color: #86E4E9;
}

.c0 {
  position: relative;
  background-color: #FFFFFF;
  padding: 0;
  height: 75px;
}

.c1 {
  display: -webkit-box;
  display: -webkit-flex;
  display: -ms-flexbox;
  display: flex;
  -webkit-align-items: center;
  -webkit-box-align: center;
  -ms-flex-align: center;
  align-items: center;
  height: 100%;
  padding: 0 12px;
  cursor: pointer;
  max-width: 1440px;
}

.c2 {
  z-index: 3;
  margin-right: auto;
  display: -webkit-box;
  display: -webkit-flex;
  display: -ms-flexbox;
  display: flex;
  -webkit-align-items: center;
  -webkit-box-align: center;
  -ms-flex-align: center;
  align-items: center;
}

.c2 a {
  border: 0;
  color: transparent;
  margin-right: 1rem;
}

.c2 a img {
  width: 100%;
  object-fit: contain;
}

.c2 a:hover {
  border: 0;
}

.c23 {
  width: auto;
  display: -webkit-box;
  display: -webkit-flex;
  display: -ms-flexbox;
  display: flex;
  -webkit-align-items: center;
  -webkit-box-align: center;
  -ms-flex-align: center;
  align-items: center;
}

.c23 > div {
  height: 35px;
  width: auto;
  display: inline-block;
}

.c23 > div > a {
  height: inherit;
  width: inherit;
  margin-left: 0.6875rem;
}

.c23 > div > a img {
  padding: 5px;
  height: inherit;
  width: inherit;
}

@media (min-width:1150px) {
  .c3 {
    width: 60px;
  }
}

@media (min-width:740px) {
  .c24 {
    width: auto;
  }
}

@media (min-width:1150px) {
  .c19 {
    display: none;
  }
}

@media (min-width:740px) {
  .c5 {
    width: 50%;
    right: 0;
    left: inherit;
  }
}

@media (min-width:1150px) {
  .c5 {
    z-index: 2;
    position: relative;
    top: 0;
    display: block;
    margin: 0 10px;
    width: auto;
    height: 100%;
  }
}

@media (min-width:1150px) {
  .c14 {
    display: none;
    display: none;
    top: 90px;
    position: absolute;
    padding: 0 0 20px;
    width: 250px;
    height: auto;
  }
}

@media (min-width:1150px) {
  .c16::before {
    display: block;
    position: absolute;
    content: '';
    left: 34px;
    width: 10px;
    height: 10px;
    border: 11px solid transparent;
    border-bottom-color: #2C0230;
    top: -22px;
  }

  .c16:hover::before {
    border-bottom-color: #3e1c43;
  }
}

@media (min-width:1150px) {
  .c7 {
    position: relative;
    display: -webkit-box;
    display: -webkit-flex;
    display: -ms-flexbox;
    display: flex;
    -webkit-flex-wrap: wrap;
    -ms-flex-wrap: wrap;
    flex-wrap: wrap;
    -webkit-align-items: center;
    -webkit-box-align: center;
    -ms-flex-align: center;
    align-items: center;
    -webkit-box-pack: start;
    -webkit-justify-content: flex-start;
    -ms-flex-pack: start;
    justify-content: flex-start;
    background-color: #FFFFFF;
  }
}

@media (min-width:1150px) {
  .c11 {
    padding: 10px 5px;
    height: auto;
  }

  .c11:focus + .c13 {
    display: -webkit-box;
    display: -webkit-flex;
    display: -ms-flexbox;
    display: flex;
  }
}

@media (min-width:1150px) {
  .c8 {
    margin: 0 4px;
    padding: 25px 0;
  }

  .c8:hover > .c13,
  .c8:focus-within > .c13 {
    visibility: visible;
    opacity: 1;
    display: -webkit-box;
    display: -webkit-flex;
    display: -ms-flexbox;
    display: flex;
  }

  .c8:hover {
    background-color: transparent;
    z-index: 3;
  }

  .c8:hover .c10 span {
    border-bottom: 2px solid #000000;
    padding-bottom: 2px;
  }

  .c8:hover .c13 {
    display: -webkit-box;
    display: -webkit-flex;
    display: -ms-flexbox;
    display: flex;
    -webkit-flex-direction: column;
    -ms-flex-direction: column;
    flex-direction: column;
  }
}

@media (min-width:1150px) {
  .c0 {
    height: auto;
  }
}

@media (min-width:1150px) {
  .c1 {
    margin: 0 auto;
  }
}

@media (min-width:1150px) {
  .c23 {
    position: relative;
    display: -webkit-box;
    display: -webkit-flex;
    display: -ms-flexbox;
    display: flex;
    -webkit-align-items: center;
    -webkit-box-align: center;
    -ms-flex-align: center;
    align-items: center;
    background-color: #FFFFFF;
    margin-right: 0px;
    right: 0px;
  }
}

<header
  className="c0"
  role="banner"
>
  <div
    className="c1"
  >
    <div
      className="c2"
    >
      <a
        href="/"
        title="Go to Comic Relief homepage"
      >
        <div
          className="c3"
          rotate={1}
        >
          <img
            alt="Comic Relief logo"
            className="c4"
            src="mock.asset"
          />
        </div>
      </a>
    </div>
    <nav
      aria-label="main-menu"
      className="c5"
      role="navigation"
    >
      <h2
        className="c6"
        color="inherit"
        id="main-menu"
        size="s"
      >
        Main navigation
      </h2>
      <ul
        className="c7"
        role="menubar"
      >
        <li
          className="c8"
          role="none"
        >
          <a
            aria-haspopup="true"
            className="c9 Navstyle__NavLinkClass-sc-1ss3uk2-0 c10 c11"
            color="red"
            href="https://www.comicrelief.com/fundraising/pay-in-your-money"
            onKeyUp={[Function]}
            rel={false}
            target="_self"
            type="standard"
          >
            <span
              className="c12"
              color="inherit"
              size="s"
            >
              Fundraising
            </span>
          </a>
          <ul
            className="c13 c14"
            role="list"
          >
            <li
              className="c15"
              role="none"
            >
              <a
                className="c9 Navstyle__NavLinkClass-sc-1ss3uk2-0 c16"
                color="red"
                href="https://www.comicrelief.com/fundraising/pay-in-your-money"
                role="menuitem"
                target="_self"
                type="standard"
              >
                <span
                  className="c12"
                  color="inherit"
                  size="s"
                >
                  Fundraising
                </span>
              </a>
            </li>
            <li
              className="c15"
            >
              <a
                className="c9 Navstyle__NavLinkClass-sc-1ss3uk2-0 c17"
                color="red"
                href="https://www.comicrelief.com/rednoseday"
                role="menuitem"
                target="_self"
                type="standard"
              >
                <span
                  className="c12"
                  color="inherit"
                  size="s"
                >
                  Red Nose Day
                </span>
              </a>
            </li>
            <li
              className="c15"
            >
              <a
                className="c9 Navstyle__NavLinkClass-sc-1ss3uk2-0 c17"
                color="red"
                href="https://www.comicrelief.com/join"
                role="menuitem"
                target="_self"
                type="standard"
              >
                <span
                  className="c12"
                  color="inherit"
                  size="s"
                >
                  Regular donations
                </span>
              </a>
            </li>
            <li
              className="c15"
            >
              <a
                className="c9 Navstyle__NavLinkClass-sc-1ss3uk2-0 c17"
                color="red"
                href="https://www.comicrelief.com/squads"
                role="menuitem"
                target="_self"
                type="standard"
              >
                <span
                  className="c12"
                  color="inherit"
                  size="s"
                >
                  Squads
                </span>
              </a>
            </li>
            <li
              className="c15"
            >
              <a
                className="c9 Navstyle__NavLinkClass-sc-1ss3uk2-0 c17"
                color="red"
                href="https://www.comicrelief.com/rednoseday/fundraising/the-noseys"
                role="menuitem"
                target="_self"
                type="standard"
              >
                <span
                  className="c12"
                  color="inherit"
                  size="s"
                >
                  The Noseys
                </span>
              </a>
            </li>
            <li
              className="c15"
            >
              <a
                className="c9 Navstyle__NavLinkClass-sc-1ss3uk2-0 c17"
                color="red"
                href="https://www.comicrelief.com/rednoseday/fundraising/free-downloads"
                role="menuitem"
                target="_self"
                type="standard"
              >
                <span
                  className="c12"
                  color="inherit"
                  size="s"
                >
                  Free downloads
                </span>
              </a>
            </li>
          </ul>
        </li>
        <li
          className="c8"
          role="none"
        >
          <a
            aria-haspopup={null}
            className="c9 Navstyle__NavLinkClass-sc-1ss3uk2-0 c10 c11"
            color="red"
            href="https://www.comicrelief.com/rednoseday/schools"
            onKeyUp={[Function]}
            rel={false}
            target="_self"
            type="standard"
          >
            <span
              className="c12"
              color="inherit"
              size="s"
            >
              Single menu link
            </span>
          </a>
        </li>
        <li
          className="c8"
          role="none"
        >
          <a
            aria-haspopup="true"
            className="c9 Navstyle__NavLinkClass-sc-1ss3uk2-0 c10 c11"
            color="red"
            href="https://www.comicrelief.com/what-your-money-does"
            onKeyUp={[Function]}
            rel={false}
            target="_self"
            type="standard"
          >
            <span
              className="c12"
              color="inherit"
              size="s"
            >
              What your money does
            </span>
          </a>
          <ul
            className="c13 c14"
            role="list"
          >
            <li
              className="c15"
              role="none"
            >
              <a
                className="c9 Navstyle__NavLinkClass-sc-1ss3uk2-0 c16"
                color="red"
                href="https://www.comicrelief.com/what-your-money-does"
                role="menuitem"
                target="_self"
                type="standard"
              >
                <span
                  className="c12"
                  color="inherit"
                  size="s"
                >
                  What your money does
                </span>
              </a>
            </li>
            <li
              className="c15"
            >
              <a
                className="c9 Navstyle__NavLinkClass-sc-1ss3uk2-0 c17"
                color="red"
                href="https://www.comicrelief.com/What-we-do/our-legacy"
                role="menuitem"
                target="_self"
                type="standard"
              >
                <span
                  className="c12"
                  color="inherit"
                  size="s"
                >
                  Our legacy
                </span>
              </a>
            </li>
          </ul>
        </li>
        <li
          className="c8"
          role="none"
        >
          <a
            aria-haspopup="true"
            className="c9 Navstyle__NavLinkClass-sc-1ss3uk2-0 c10 c11"
            color="red"
            href="https://www.comicrelief.com/rednoseday/schools"
            onKeyUp={[Function]}
            rel={false}
            target="_self"
            type="standard"
          >
            <span
              className="c12"
              color="inherit"
              size="s"
            >
              Schools & youth
            </span>
          </a>
          <ul
            className="c13 c14"
            role="list"
          >
            <li
              className="c15"
              role="none"
            >
              <a
                className="c9 Navstyle__NavLinkClass-sc-1ss3uk2-0 c16"
                color="red"
                href="https://www.comicrelief.com/rednoseday/schools"
                role="menuitem"
                target="_self"
                type="standard"
              >
                <span
                  className="c12"
                  color="inherit"
                  size="s"
                >
                  Schools & youth
                </span>
              </a>
            </li>
            <li
              className="c15"
            >
              <a
                className="c9 Navstyle__NavLinkClass-sc-1ss3uk2-0 c17"
                color="red"
                href="https://www.comicrelief.com/rednoseday/schools/primary-schools"
                role="menuitem"
                target="_self"
                type="standard"
              >
                <span
                  className="c12"
                  color="inherit"
                  size="s"
                >
                  Primary schools
                </span>
              </a>
            </li>
            <li
              className="c15"
            >
              <a
                className="c9 Navstyle__NavLinkClass-sc-1ss3uk2-0 c17"
                color="red"
                href="https://www.comicrelief.com/rednoseday/schools/secondary-schools"
                role="menuitem"
                target="_self"
                type="standard"
              >
                <span
                  className="c12"
                  color="inherit"
                  size="s"
                >
                  Secondary schools
                </span>
              </a>
            </li>
            <li
              className="c15"
            >
              <a
                className="c9 Navstyle__NavLinkClass-sc-1ss3uk2-0 c17"
                color="red"
                href="https://www.comicrelief.com/rednoseday/schools/nurseries"
                role="menuitem"
                target="_self"
                type="standard"
              >
                <span
                  className="c12"
                  color="inherit"
                  size="s"
                >
                  Nurseries
                </span>
              </a>
            </li>
            <li
              className="c15"
            >
              <a
                className="c9 Navstyle__NavLinkClass-sc-1ss3uk2-0 c17"
                color="red"
                href="https://www.comicrelief.com/rednoseday/youth"
                role="menuitem"
                target="_self"
                type="standard"
              >
                <span
                  className="c12"
                  color="inherit"
                  size="s"
                >
                  Youth groups
                </span>
              </a>
            </li>
            <li
              className="c15"
            >
              <a
                className="c9 Navstyle__NavLinkClass-sc-1ss3uk2-0 c17"
                color="red"
                href="https://www.comicrelief.com/rednoseday/schools/free-downloads"
                role="menuitem"
                target="_self"
                type="standard"
              >
                <span
                  className="c12"
                  color="inherit"
                  size="s"
                >
                  Free downloads
                </span>
              </a>
            </li>
          </ul>
        </li>
        <li
          className="c8"
          role="none"
        >
          <a
            aria-haspopup={null}
            className="c9 Navstyle__NavLinkClass-sc-1ss3uk2-0 c10 c11"
            color="red"
            href="https://shop.comicrelief.com"
            onKeyUp={[Function]}
            rel="noopener noreferrer"
            target="_blank"
            type="standard"
          >
            <span
              className="c12"
              color="inherit"
              size="s"
            >
              Shop
            </span>
          </a>
        </li>
        <li
          className="c8"
          role="none"
        >
          <a
            aria-haspopup="true"
            className="c9 Navstyle__NavLinkClass-sc-1ss3uk2-0 c10 c11"
            color="red"
            href="https://www.sportrelief.com"
            onKeyUp={[Function]}
            rel={false}
            target="_self"
            type="standard"
          >
            <span
              className="c12"
              color="inherit"
              size="s"
            >
              Test whitelisted external link
            </span>
          </a>
          <ul
            className="c13 c14"
            role="list"
          >
            <li
              className="c15"
              role="none"
            >
              <a
                className="c9 Navstyle__NavLinkClass-sc-1ss3uk2-0 c16"
                color="red"
                href="https://www.sportrelief.com"
                role="menuitem"
                target="_self"
                type="standard"
              >
                <span
                  className="c12"
                  color="inherit"
                  size="s"
                >
                  Test whitelisted external link
                </span>
              </a>
            </li>
            <li
              className="c15"
            >
              <a
                className="c9 Navstyle__NavLinkClass-sc-1ss3uk2-0 c17"
                color="red"
                href="https://bing.com"
                role="menuitem"
                target="_blank"
                type="standard"
              >
                <span
                  className="c12"
                  color="inherit"
                  size="s"
                >
                  Test non-whitelisted external link
                </span>
              </a>
            </li>
            <li
              className="c15"
            >
              <a
                className="c9 Navstyle__NavLinkClass-sc-1ss3uk2-0 c17"
                color="red"
                href="/test-ref-path-1"
                role="menuitem"
                target="_self"
                type="standard"
              >
                <span
                  className="c12"
                  color="inherit"
                  size="s"
                >
                  Link comp: URL and Ref
                </span>
              </a>
            </li>
            <li
              className="c15"
            >
              <a
                className="c9 Navstyle__NavLinkClass-sc-1ss3uk2-0 c17"
                color="red"
                href="/test-ref-path-2"
                role="menuitem"
                target="_self"
                type="standard"
              >
                <span
                  className="c12"
                  color="inherit"
                  size="s"
                >
                  Link comp: only Ref
                </span>
              </a>
            </li>
            <li
              className="c15"
            >
              <a
                className="c9 Navstyle__NavLinkClass-sc-1ss3uk2-0 c17"
                color="red"
                href="/test-url"
                role="menuitem"
                target="_self"
                type="standard"
              >
                <span
                  className="c12"
                  color="inherit"
                  size="s"
                >
                  Link comp: only URL
                </span>
              </a>
            </li>
          </ul>
        </li>
      </ul>
    </nav>
    <a
      aria-haspopup="true"
      aria-label="Open and close Navigation Menu"
      className="c18 c19"
      color="red"
      href="#"
      onClick={[Function]}
      role="button"
      target="_self"
      type="standard"
    >
      <span
        className="c12 c20"
        color="inherit"
        size="s"
      >
        Open and close nav menu
      </span>
      <span
        className="c21 c22"
      />
    </a>
    <div
      className="c23"
    >
      <a
        className="c24"
        color="green"
        href="/donation"
        target="_self"
        type="button"
      >
        Donate
      </a>
    </div>
  </div>
</header>
`;
