// Jest Snapshot v1, https://goo.gl/fbAQLP

exports[`renders correctly 1`] = `
.c1 {
  font-size: 3rem;
  line-height: 3rem;
  text-transform: uppercase;
  font-weight: 400;
  font-family: 'Anton',Impact,sans-serif;
  -webkit-letter-spacing: 0.03rem;
  -moz-letter-spacing: 0.03rem;
  -ms-letter-spacing: 0.03rem;
  letter-spacing: 0.03rem;
}

.c4 {
  font-size: 1rem;
  line-height: 1rem;
  text-transform: inherit;
  line-height: normal;
  font-family: 'Montserrat',Helvetica,Arial,sans-serif;
}

.c10 {
  font-size: 1rem;
  line-height: 1rem;
  text-transform: inherit;
  font-weight: bold;
  line-height: normal;
  font-family: 'Montserrat',Helvetica,Arial,sans-serif;
}

.c15 {
  display: -webkit-inline-box;
  display: -webkit-inline-flex;
  display: -ms-inline-flexbox;
  display: inline-flex;
  position: relative;
  padding: 0.5rem 1.25rem;
  -webkit-text-decoration: none;
  text-decoration: none;
  font-weight: 700;
  font-size: 1rem;
  border-radius: 2rem;
  -webkit-transition: all 0.3s;
  transition: all 0.3s;
  height: 3.125rem;
  width: 100%;
  -webkit-box-pack: center;
  -webkit-justify-content: center;
  -ms-flex-pack: center;
  justify-content: center;
  -webkit-align-items: center;
  -webkit-box-align: center;
  -ms-flex-align: center;
  align-items: center;
  border: none;
  cursor: pointer;
  background-color: background-color:#E52630;
  color: #FFFFFF;
}

.c15:hover {
  background-color: #890B11;
  color: #FFFFFF;
}

.c15 > a {
  -webkit-text-decoration: none;
  text-decoration: none;
  color: inherit;
}

.c15 (min-width:1024px) {
  width: auto;
  padding: 1rem 2rem;
  margin: 0 auto 2rem;
}

.c8 {
  position: relative;
  display: -webkit-box;
  display: -webkit-flex;
  display: -ms-flexbox;
  display: flex;
  -webkit-flex-direction: column;
  -ms-flex-direction: column;
  flex-direction: column;
  color: #5C5C5E;
  width: 100%;
}

.c11 {
  margin-bottom: 0.5rem;
}

.c13 {
  position: relative;
  box-sizing: border-box;
  width: 100%;
  height: 48px;
  padding: 1rem 1.5rem;
  background-color: #F4F3F5;
  border: 1px solid;
  border-color: #E1E2E3;
  box-shadow: none;
  -webkit-appearance: none;
  -moz-appearance: none;
  appearance: none;
  color: #000000;
  border-radius: 0.5rem;
  font-size: inherit;
  z-index: 2;
  font-family: 'Montserrat',Helvetica,Arial,sans-serif;
}

.c13:focus {
  border: 1px solid #666;
}

.c12 {
  position: relative;
  font-size: 1.25rem;
}

.c5 {
  text-align: left;
}

.c16:disabled {
  cursor: not-allowed;
  opacity: 0.75;
}

.c0 {
  display: -webkit-box;
  display: -webkit-flex;
  display: -ms-flexbox;
  display: flex;
  -webkit-flex-direction: column;
  -ms-flex-direction: column;
  flex-direction: column;
  font-size: 1rem;
  color: #FFFFFF;
  background-color: #2C0230;
  padding: 1.5rem;
}

.c3 {
  display: -webkit-box;
  display: -webkit-flex;
  display: -ms-flexbox;
  display: flex;
  margin-bottom: 1rem;
}

.c14 {
  margin-top: 1rem;
}

.c14 button {
  background-color: #E52630;
}

.c17 {
  display: -webkit-box;
  display: -webkit-flex;
  display: -ms-flexbox;
  display: flex;
  -webkit-flex-direction: column;
  -ms-flex-direction: column;
  flex-direction: column;
  margin-top: 1rem;
}

.c17 p {
  font-size: 1rem;
  line-height: 2rem;
}

.c17 p a {
  font-size: 1rem;
  color: #FFFFFF;
}

.c6 {
  display: -webkit-box;
  display: -webkit-flex;
  display: -ms-flexbox;
  display: flex;
  -webkit-flex-direction: column;
  -ms-flex-direction: column;
  flex-direction: column;
  margin: 1rem 0;
}

.c7 {
  display: -webkit-box;
  display: -webkit-flex;
  display: -ms-flexbox;
  display: flex;
  -webkit-flex-direction: column;
  -ms-flex-direction: column;
  flex-direction: column;
  gap: 0;
}

.c9 {
  width: 100%;
  margin-bottom: 1rem;
}

.c9 > span:first-child {
  color: #FFFFFF;
}

.c2 {
  margin-bottom: 1.5rem;
}

@media (min-width:740px) {
  .c15 {
    width: auto;
  }
}

@media (min-width:740px) {
  .c13 {
    max-width: 290px;
  }
}

@media (min-width:1024px) {
  .c7 {
    -webkit-box-pack: start;
    -webkit-justify-content: start;
    -ms-flex-pack: start;
    justify-content: start;
    -webkit-flex-direction: row;
    -ms-flex-direction: row;
    flex-direction: row;
    gap: 1rem;
  }
}

@media (min-width:1024px) {
  .c9 {
    max-width: 290px;
  }
}

<form
  noValidate={true}
  onSubmit={[Function]}
>
  <div
    className="c0"
  >
    <h2
      className="c1 c2"
      color="inherit"
      size="xxl"
    >
      sign up letter
    </h2>
    <div
      className="c3"
    >
      <span
        className="c4"
        color="inherit"
        size="s"
      >
        <div
          className="c5"
          dangerouslySetInnerHTML={
            Object {
              "__html": "<h1> Top Copy</h1> <p>Lorem ipsum dolor sit amet, consectetur adipiscing elit, sed do eiusmod tempor incididunt ut labore et dolore magna aliqua. Ut enim ad minim veniam, quis nostrud exercitation ullamco laboris nisi ut aliquip ex ea commodo consequat.</p>",
            }
          }
        />
      </span>
    </div>
    <div
      className="c6"
    >
      <div
        className="c7"
      >
        <label
          className="c8 c9"
          htmlFor="first-name"
        >
          <span
            className="c10 c11"
            color="inherit"
            dangerouslySetInnerHTML={
              Object {
                "__html": "First Name",
              }
            }
            size="s"
          />
          <div
            className="c12"
          >
            
            <input
              aria-describedby="first-name"
              aria-required={true}
              className="c13"
              id="first-name"
              name="firstName"
              placeholder="Enter your first name"
              required={false}
              type="text"
            />
          </div>
          
        </label>
        <label
          className="c8 c9"
          htmlFor="last-name"
        >
          <span
            className="c10 c11"
            color="inherit"
            dangerouslySetInnerHTML={
              Object {
                "__html": "Last Name",
              }
            }
            size="s"
          />
          <div
            className="c12"
          >
            
            <input
              aria-describedby="last-name"
              aria-required={true}
              className="c13"
              id="last-name"
              name="lastName"
              placeholder="Enter your last name"
              required={false}
              type="text"
            />
          </div>
          
        </label>
      </div>
      <label
        className="c8 c9"
        htmlFor="email"
      >
        <span
          className="c10 c11"
          color="inherit"
          dangerouslySetInnerHTML={
            Object {
              "__html": "Email Address",
            }
          }
          size="s"
        />
        <div
          className="c12"
        >
          
          <input
            aria-describedby="email"
            aria-required={true}
            className="c13"
            id="email"
            name="email"
            placeholder="example@youremail.com"
            required={false}
            type="email"
          />
        </div>
        
      </label>
      <div
        className="c14"
      >
        <button
          className="c15 c16"
          data-test="subscribe-button"
          disabled={false}
          type="submit"
        >
          <span
            className="c4"
            color="inherit"
            size="s"
          >
            Subscribe
          </span>
          <div
            className=""
          />
        </button>
      </div>
    </div>
    <div
      className="c17"
    >
      <span
        className="c4"
        color="inherit"
        size="s"
      >
        <div
          className="c5"
          dangerouslySetInnerHTML={
            Object {
              "__html": "check <a href=\\"https://www.comicrelief.com/privacy-notice\\">Privacy policy</a>",
            }
          }
        />
      </span>
    </div>
  </div>
</form>
`;
