// Jest Snapshot v1, https://goo.gl/fbAQLP

exports[`renders correctly 1`] = `
.c1 {
  font-size: 3rem;
  line-height: 3rem;
  text-transform: uppercase;
  font-weight: 400;
  font-family: 'Anton',Impact,sans-serif;
  -webkit-letter-spacing: 0.03rem;
  -moz-letter-spacing: 0.03rem;
  -ms-letter-spacing: 0.03rem;
  letter-spacing: 0.03rem;
}

.c4 {
  font-size: 1rem;
  line-height: 1rem;
  text-transform: inherit;
  line-height: normal;
  font-family: 'Montserrat',Helvetica,Arial,sans-serif;
}

.c14 {
  display: -webkit-inline-box;
  display: -webkit-inline-flex;
  display: -ms-inline-flexbox;
  display: inline-flex;
  position: relative;
  padding: 0.5rem 1.25rem;
  -webkit-text-decoration: none;
  text-decoration: none;
  font-weight: 700;
  font-size: 1rem;
  border-radius: 2rem;
  -webkit-transition: all 0.3s;
  transition: all 0.3s;
  height: 3.125rem;
  width: 100%;
  -webkit-box-pack: center;
  -webkit-justify-content: center;
  -ms-flex-pack: center;
  justify-content: center;
  -webkit-align-items: center;
  -webkit-box-align: center;
  -ms-flex-align: center;
  align-items: center;
  border: none;
  cursor: pointer;
  background-color: #E52630;
  color: #FFFFFF;
}

.c14 > a {
  -webkit-text-decoration: none;
  text-decoration: none;
}

.c14:hover {
  background-color: #890B11;
  color: #FFFFFF;
}

.c7 {
  width: 100%;
  position: relative;
  display: -webkit-box;
  display: -webkit-flex;
  display: -ms-flexbox;
  display: flex;
  -webkit-flex-direction: column;
  -ms-flex-direction: column;
  flex-direction: column;
  color: #000000;
}

.c9 {
  margin-bottom: 0.5rem;
  font-weight: normal;
}

.c10 {
  position: relative;
  font-size: 1.25rem;
}

.c11 {
  position: relative;
  width: 100%;
  display: -webkit-box;
  display: -webkit-flex;
  display: -ms-flexbox;
  display: flex;
  -webkit-box-pack: end;
  -webkit-justify-content: flex-end;
  -ms-flex-pack: end;
  justify-content: flex-end;
  -webkit-align-items: center;
  -webkit-box-align: center;
  -ms-flex-align: center;
  align-items: center;
}

.c12 {
  position: relative;
  box-sizing: border-box;
  width: 100%;
  height: 48px;
  padding: 1rem 2.4rem 1rem 1.5rem;
  background-color: #F4F3F5;
  border: 1px solid;
  border-color: #969598;
  box-shadow: none;
  -webkit-appearance: none;
  -moz-appearance: none;
  appearance: none;
  color: #000000;
  border-radius: 0.5rem;
  font-size: inherit;
  z-index: 2;
  font-family: 'Montserrat',Helvetica,Arial,sans-serif;
}

.c12:focus {
  border: 1px solid #666;
}

.c15:disabled {
  cursor: not-allowed;
  opacity: 0.75;
}

.c0 {
  display: -webkit-box;
  display: -webkit-flex;
  display: -ms-flexbox;
  display: flex;
  -webkit-flex-direction: column;
  -ms-flex-direction: column;
  flex-direction: column;
  font-size: 1rem;
  color: #FFFFFF;
  background-color: #2C0230;
  padding: 1.5rem;
}

.c3 {
  display: -webkit-box;
  display: -webkit-flex;
  display: -ms-flexbox;
  display: flex;
  margin-bottom: 1rem;
}

.c13 {
  margin-top: 1rem;
}

.c13 button {
  background-color: #E52630;
}

.c16 {
  display: -webkit-box;
  display: -webkit-flex;
  display: -ms-flexbox;
  display: flex;
  -webkit-flex-direction: column;
  -ms-flex-direction: column;
  flex-direction: column;
  margin-top: 1rem;
}

.c16 p {
  font-size: 1rem;
  line-height: 2rem;
}

.c16 p a {
  font-size: 1rem;
  color: #FFFFFF;
}

.c5 {
  display: -webkit-box;
  display: -webkit-flex;
  display: -ms-flexbox;
  display: flex;
  -webkit-flex-direction: column;
  -ms-flex-direction: column;
  flex-direction: column;
  margin: 1rem 0;
}

.c6 {
  display: -webkit-box;
  display: -webkit-flex;
  display: -ms-flexbox;
  display: flex;
  -webkit-flex-direction: column;
  -ms-flex-direction: column;
  flex-direction: column;
  gap: 0;
}

.c8 {
  width: 100%;
  margin-bottom: 1rem;
}

.c8 > span:first-child {
  color: #FFFFFF;
}

.c2 {
  margin-bottom: 1.5rem;
}

@media (min-width:740px) {
  .c14 {
    width: auto;
  }
}

@media (min-width:1024px) {
  .c14 {
    width: auto;
    padding: 1rem 2rem;
    margin: 0 auto 2rem;
  }
}

@media (min-width:740px) {

}

@media (min-width:1024px) {

}

@media (min-width:1024px) {
  .c6 {
    -webkit-box-pack: start;
    -webkit-justify-content: start;
    -ms-flex-pack: start;
    justify-content: start;
    -webkit-flex-direction: row;
    -ms-flex-direction: row;
    flex-direction: row;
    gap: 1rem;
  }
}

@media (min-width:1024px) {
  .c8 {
    max-width: 290px;
  }
}

<form
  noValidate={true}
  onSubmit={[Function]}
>
  <div
    className="c0"
  >
    <h2
      className="c1 c2"
      color="inherit"
      size="xxl"
    >
      HERE IS A FUNNY TEST
    </h2>
    <div
      className="c3"
    >
      <span
        className="c4"
        color="inherit"
        size="s"
      >
        HERE IS A FUNNY TEST
      </span>
    </div>
    <div
      className="c5"
    >
      <div
        className="c6"
      >
        <label
          className="c7 c8"
          htmlFor="first-name"
        >
          <span
            className="c4 c9"
            color="inherit"
            dangerouslySetInnerHTML={
              Object {
                "__html": "First Name",
              }
            }
            size="s"
          >
            HERE IS A FUNNY TEST
          </span>
          <div
            className="c10"
          >
            
            <div
              className="c11"
            >
              <input
                aria-required={true}
                className="c12"
                id="first-name"
                name="firstName"
                onBlur={[Function]}
                onChange={[Function]}
                placeholder="Enter your first name"
                required={false}
                type="text"
              />
              
            </div>
          </div>
          
        </label>
        <label
          className="c7 c8"
          htmlFor="last-name"
        >
          <span
            className="c4 c9"
            color="inherit"
            dangerouslySetInnerHTML={
              Object {
                "__html": "Last Name",
              }
            }
            size="s"
          >
            HERE IS A FUNNY TEST
          </span>
          <div
            className="c10"
          >
            
            <div
              className="c11"
            >
              <input
                aria-required={true}
                className="c12"
                id="last-name"
                name="lastName"
                onBlur={[Function]}
                onChange={[Function]}
                placeholder="Enter your last name"
                required={false}
                type="text"
              />
              
            </div>
          </div>
          
        </label>
      </div>
      <label
        className="c7 c8"
        htmlFor="email"
      >
        <span
          className="c4 c9"
          color="inherit"
          dangerouslySetInnerHTML={
            Object {
              "__html": "Email Address",
            }
          }
          size="s"
        >
          HERE IS A FUNNY TEST
        </span>
        <div
          className="c10"
        >
          
          <div
            className="c11"
          >
            <input
              aria-required={true}
              className="c12"
              id="email"
              name="email"
              onBlur={[Function]}
              onChange={[Function]}
              placeholder="example@youremail.com"
              required={false}
              type="email"
            />
            
          </div>
        </div>
        
      </label>
      <div
        className="c13"
      >
        <button
          className="c14 c15"
          data-test="subscribe-button"
          disabled={true}
          type="submit"
        >
          <span
            className="c4"
            color="inherit"
            size="s"
          >
            HERE IS A FUNNY TEST
          </span>
          <div
            className=""
          />
        </button>
      </div>
    </div>
    <div
      className="c16"
    >
      <span
        className="c4"
        color="inherit"
        size="s"
      >
        HERE IS A FUNNY TEST
      </span>
    </div>
  </div>
</form>
`;
